Microchip MPLAB XC8 Compiler V1.38 ()

Linker command line:

-W-3 --edf=C:\Program Files (x86)\Microchip\xc8\v1.38\dat\en_msgs.txt -cs \
  -h+dist/default/production\20180213_ADAS_DVR2_DIR.X.production.sym \
  --cmf=dist/default/production\20180213_ADAS_DVR2_DIR.X.production.cmf -z \
  -Q12F1572 -oC:\Users\GAUSS\AppData\Local\Temp\s8pg.2 \
  -Mdist/default/production/20180213_ADAS_DVR2_DIR.X.production.map -E1 \
  -ver=XC8 -ASTACK=02056h-0208bh -pstack=STACK -ACODE=00h-07FFh \
  -ASTRCODE=00h-07FFh -ASTRING=00h-0FFhx8 -ACONST=00h-0FFhx8 \
  -AENTRY=00h-0FFhx8 -ACOMMON=070h-07Fh -ABANK0=020h-06Fh -ABANK1=0A0h-0EFh \
  -ABANK2=0120h-016Fh -ABIGRAM=02000h-020EFh \
  -ARAM=020h-06Fh,0A0h-0EFh,0120h-016Fh \
  -AABS1=020h-07Fh,0A0h-0EFh,0120h-016Fh -ASFR0=00h-01Fh -ASFR1=080h-09Fh \
  -ASFR2=0100h-011Fh -ASFR3=0180h-01EFh -ASFR4=0200h-026Fh \
  -ASFR5=0280h-02EFh -ASFR6=0300h-036Fh -ASFR7=0380h-03EFh \
  -ASFR8=0400h-046Fh -ASFR9=0480h-04EFh -ASFR10=0500h-056Fh \
  -ASFR11=0580h-05EFh -ASFR12=0600h-066Fh -ASFR13=0680h-06EFh \
  -ASFR14=0700h-076Fh -ASFR15=0780h-07EFh -ASFR16=0800h-086Fh \
  -ASFR17=0880h-08EFh -ASFR18=0900h-096Fh -ASFR19=0980h-09EFh \
  -ASFR20=0A00h-0A6Fh -ASFR21=0A80h-0AEFh -ASFR22=0B00h-0B6Fh \
  -ASFR23=0B80h-0BEFh -ASFR24=0C00h-0C6Fh -ASFR25=0C80h-0CEFh \
  -ASFR26=0D00h-0D6Fh -ASFR27=0D80h-0DEFh -ASFR28=0E00h-0E6Fh \
  -ASFR29=0E80h-0EEFh -ASFR30=0F00h-0F6Fh -ASFR31=0F80h-0FEFh \
  -preset_vec=00h,intentry=04h,init,end_init -ppowerup=CODE -pcinit=CODE \
  -pfunctab=CODE -ACONFIG=08007h-08008h -pconfig=CONFIG -DCONFIG=2 \
  -AIDLOC=08000h-08003h -pidloc=IDLOC -DIDLOC=2 -DCODE=2 -DSTRCODE=2 \
  -DSTRING=2 -DCONST=2 -DENTRY=2 -k \
  C:\Users\GAUSS\AppData\Local\Temp\s8pg.obj \
  dist/default/production\20180213_ADAS_DVR2_DIR.X.production.obj 

Object code version is 3.11

Machine type is 12F1572



                Name                               Link     Load   Length Selector   Space Scale
C:\Users\GAUSS\AppData\Local\Temp\s8pg.obj
                end_init                             51       51        1        8       0
                reset_vec                             0        0        1        0       0
                config                             8007     8007        2    1000E       0
dist/default/production\20180213_ADAS_DVR2_DIR.X.production.obj
                cinit                                52       52       2E        8       0
                intentry                              4        4       4D        8       0
                text9                               432      432       16        8       0
                text8                               454      454        C        8       0
                text7                               377      377       65        8       0
                text6                               238      238       A8        8       0
                text5                               3DC      3DC       3C        8       0
                text4                               185      185       B3        8       0
                text3                               418      418       1A        8       0
                text2                               460      460        B        8       0
                text1                                80       80      105        8       0
                maintext                            2E0      2E0       97        8       0
                cstackBANK0                          20       20       3C       20       1
                cstackCOMMON                         70       70        8       70       1
                clrtext                             448      448        C        8       0
                bssBANK1                             A0       A0        6       A0       1
                dataBANK0                            68       68        6       20       1
                bssBANK0                             5C       5C        C       20       1
                bssCOMMON                            78       78        2       70       1
                idataBANK0                          46B      46B        6        8       0

TOTAL           Name                               Link     Load   Length     Space
        CLASS   STACK          

        CLASS   CODE           
                end_init                             51       51        1         0
                cinit                                52       52       2E         0
                intentry                              4        4       4D         0
                reset_vec                             0        0        1         0
                text9                               432      432       16         0
                text8                               454      454        C         0
                text7                               377      377       65         0
                text6                               238      238       A8         0
                text5                               3DC      3DC       3C         0
                text4                               185      185       B3         0
                text3                               418      418       1A         0
                text2                               460      460        B         0
                text1                                80       80      105         0
                maintext                            2E0      2E0       97         0
                clrtext                             448      448        C         0
                idataBANK0                          46B      46B        6         0

        CLASS   STRCODE        

        CLASS   STRING         

        CLASS   CONST          

        CLASS   ENTRY          

        CLASS   COMMON         
                cstackCOMMON                         70       70        8         1
                bssCOMMON                            78       78        2         1

        CLASS   BANK0          
                cstackBANK0                          20       20       3C         1
                dataBANK0                            68       68        6         1
                bssBANK0                             5C       5C        C         1

        CLASS   BANK1          
                bssBANK1                             A0       A0        6         1

        CLASS   BANK2          

        CLASS   BIGRAM         

        CLASS   RAM            

        CLASS   ABS1           
                abs_s1                               7E       7E        2         1
                abs_s1                               DC       DC       14         1
                abs_s1                              120      120       50         1
                abs_s1                             208C     208C        0         1

        CLASS   SFR0           

        CLASS   SFR1           

        CLASS   SFR2           

        CLASS   SFR3           

        CLASS   SFR4           

        CLASS   SFR5           

        CLASS   SFR6           

        CLASS   SFR7           

        CLASS   SFR8           

        CLASS   SFR9           

        CLASS   SFR10          

        CLASS   SFR11          

        CLASS   SFR12          

        CLASS   SFR13          

        CLASS   SFR14          

        CLASS   SFR15          

        CLASS   SFR16          

        CLASS   SFR17          

        CLASS   SFR18          

        CLASS   SFR19          

        CLASS   SFR20          

        CLASS   SFR21          

        CLASS   SFR22          

        CLASS   SFR23          

        CLASS   SFR24          

        CLASS   SFR25          

        CLASS   SFR26          

        CLASS   SFR27          

        CLASS   SFR28          

        CLASS   SFR29          

        CLASS   SFR30          

        CLASS   SFR31          

        CLASS   CONFIG         
                config                             8007     8007        2         0

        CLASS   IDLOC          

        CLASS   BANK31         

        CLASS   BANK30         

        CLASS   BANK29         

        CLASS   BANK28         

        CLASS   BANK27         

        CLASS   BANK26         

        CLASS   BANK25         

        CLASS   BANK24         

        CLASS   BANK23         

        CLASS   BANK22         

        CLASS   BANK21         

        CLASS   BANK20         

        CLASS   BANK19         

        CLASS   BANK18         

        CLASS   BANK17         

        CLASS   BANK16         

        CLASS   BANK15         

        CLASS   BANK14         

        CLASS   BANK13         

        CLASS   BANK12         

        CLASS   BANK11         

        CLASS   BANK10         

        CLASS   BANK9          

        CLASS   BANK8          

        CLASS   BANK7          

        CLASS   BANK6          

        CLASS   BANK5          

        CLASS   BANK4          

        CLASS   BANK3          

        CLASS   EEDATA         



SEGMENTS        Name                           Load    Length   Top    Selector   Space  Class     Delta

                reset_vec                      000000  000001  000001         0       0  CODE        2
                intentry                       000004  00046D  000471         8       0  CODE        2
                cstackBANK0                    000020  00004E  00006E        20       1  BANK0       1
                cstackCOMMON                   000070  00000A  00007A        70       1  COMMON      1
                bssBANK1                       0000A0  000006  0000A6        A0       1  BANK1       1
                config                         008007  000002  008009     1000E       0  CONFIG      2


UNUSED ADDRESS RANGES

        Name                Unused          Largest block    Delta
        BANK0            0006E-0006F               2           1
        BANK1            000A6-000DB              36           1
        BIGRAM           02000-020EF              F0           1
        CODE             00001-00003               3           2
                         00471-007FF             38F
        COMMON           0007A-0007D               4           1
        CONST            00001-00003               3           2
                         00471-007FF             100
        ENTRY            00001-00003               3           2
                         00471-007FF             100
        IDLOC            08000-08003               4           2
        RAM              0006E-0006F               2           1
                         000A6-000DB              36
        SFR0             00000-0001F              20           1
        SFR1             00080-0009F              20           1
        SFR10            00500-0056F              70           1
        SFR11            00580-005EF              70           1
        SFR12            00600-0066F              70           1
        SFR13            00680-006EF              70           1
        SFR14            00700-0076F              70           1
        SFR15            00780-007EF              70           1
        SFR16            00800-0086F              70           1
        SFR17            00880-008EF              70           1
        SFR18            00900-0096F              70           1
        SFR19            00980-009EF              70           1
        SFR2             00100-0011F              20           1
        SFR20            00A00-00A6F              70           1
        SFR21            00A80-00AEF              70           1
        SFR22            00B00-00B6F              70           1
        SFR23            00B80-00BEF              70           1
        SFR24            00C00-00C6F              70           1
        SFR25            00C80-00CEF              70           1
        SFR26            00D00-00D6F              70           1
        SFR27            00D80-00DEF              70           1
        SFR28            00E00-00E6F              70           1
        SFR29            00E80-00EEF              70           1
        SFR3             00180-001EF              70           1
        SFR30            00F00-00F6F              70           1
        SFR31            00F80-00FEF              70           1
        SFR4             00200-0026F              70           1
        SFR5             00280-002EF              70           1
        SFR6             00300-0036F              70           1
        SFR7             00380-003EF              70           1
        SFR8             00400-0046F              70           1
        SFR9             00480-004EF              70           1
        STACK            02056-0208B              36           1
        STRCODE          00001-00003               3           2
                         00471-007FF             38F
        STRING           00001-00003               3           2
                         00471-007FF             100

                                  Symbol Table

?___ftdiv                             cstackBANK0  00025
?___ftmul                             cstackBANK0  00035
?___ftpack                            cstackBANK0  00020
?___lbtoft                            cstackBANK0  00025
InterruptHandlerLow@cUART_char        cstackCOMMON 00073
_ANSELA                               (abs)        0018C
_APFCON0bits                          (abs)        0011D
_BAUDCONbits                          (abs)        0019F
_EUSARTInit                           text9        00432
_Example_System_Init                  text8        00454
_Flow_Init                            bssBANK0     00065
_GPS                                  (abs)        0208C
_GPS_flag                             bssCOMMON    00078
_GPS_out                              bssBANK0     00066
_INTCONbits                           (abs)        0000B
_InterruptHandlerLow                  intentry     00004
_LATA                                 (abs)        0010C
_Neg                                  bssBANK0     0005F
_OSCCON                               (abs)        00099
_PIE1bits                             (abs)        00091
_PIR1bits                             (abs)        00011
_PORTAbits                            (abs)        0000C
_Period                               bssBANK0     0005C
_Pos                                  bssBANK0     00061
_RCREG                                (abs)        00199
_RCSTAbits                            (abs)        0019D
_SPBRG                                (abs)        0019B
_TRISA                                (abs)        0008C
_TRISAbits                            (abs)        0008C
_TXIF                                 (abs)        0008C
_TXREG                                (abs)        0019A
_TXSTAbits                            (abs)        0019E
__CFG_BOREN$OFF                       (abs)        00000
__CFG_BORV$LO                         (abs)        00000
__CFG_CLKOUTEN$OFF                    (abs)        00000
__CFG_CP$OFF                          (abs)        00000
__CFG_FOSC$INTOSC                     (abs)        00000
__CFG_LVP$OFF                         (abs)        00000
__CFG_MCLRE$ON                        (abs)        00000
__CFG_PWRTE$OFF                       (abs)        00000
__CFG_STVREN$ON                       (abs)        00000
__CFG_WDTE$OFF                        (abs)        00000
__CFG_WRT$OFF                         (abs)        00000
__Habs1                               abs1         00000
__Hbank0                              bank0        00000
__Hbank1                              bank1        00000
__Hbank10                             bank10       00000
__Hbank11                             bank11       00000
__Hbank12                             bank12       00000
__Hbank13                             bank13       00000
__Hbank14                             bank14       00000
__Hbank15                             bank15       00000
__Hbank16                             bank16       00000
__Hbank17                             bank17       00000
__Hbank18                             bank18       00000
__Hbank19                             bank19       00000
__Hbank2                              bank2        00000
__Hbank20                             bank20       00000
__Hbank21                             bank21       00000
__Hbank22                             bank22       00000
__Hbank23                             bank23       00000
__Hbank24                             bank24       00000
__Hbank25                             bank25       00000
__Hbank26                             bank26       00000
__Hbank27                             bank27       00000
__Hbank28                             bank28       00000
__Hbank29                             bank29       00000
__Hbank3                              bank3        00000
__Hbank30                             bank30       00000
__Hbank31                             bank31       00000
__Hbank4                              bank4        00000
__Hbank5                              bank5        00000
__Hbank6                              bank6        00000
__Hbank7                              bank7        00000
__Hbank8                              bank8        00000
__Hbank9                              bank9        00000
__Hbigram                             bigram       00000
__HbssBANK0                           bssBANK0     00000
__HbssBANK1                           bssBANK1     00000
__HbssCOMMON                          bssCOMMON    00000
__Hcinit                              cinit        00080
__Hclrtext                            clrtext      00000
__Hcode                               code         00000
__Hcommon                             common       00000
__Hconfig                             config       08009
__HcstackBANK0                        cstackBANK0  00000
__HcstackCOMMON                       cstackCOMMON 00000
__HdataBANK0                          dataBANK0    00000
__Heeprom_data                        eeprom_data  00000
__Hend_init                           end_init     00052
__Hfunctab                            functab      00000
__HidataBANK0                         idataBANK0   00000
__Hidloc                              idloc        00000
__Hinit                               init         00051
__Hintentry                           intentry     00051
__Hmaintext                           maintext     00000
__Hpowerup                            powerup      00000
__Hram                                ram          00000
__Hreset_vec                          reset_vec    00001
__Hsfr0                               sfr0         00000
__Hsfr1                               sfr1         00000
__Hsfr10                              sfr10        00000
__Hsfr11                              sfr11        00000
__Hsfr12                              sfr12        00000
__Hsfr13                              sfr13        00000
__Hsfr14                              sfr14        00000
__Hsfr15                              sfr15        00000
__Hsfr16                              sfr16        00000
__Hsfr17                              sfr17        00000
__Hsfr18                              sfr18        00000
__Hsfr19                              sfr19        00000
__Hsfr2                               sfr2         00000
__Hsfr20                              sfr20        00000
__Hsfr21                              sfr21        00000
__Hsfr22                              sfr22        00000
__Hsfr23                              sfr23        00000
__Hsfr24                              sfr24        00000
__Hsfr25                              sfr25        00000
__Hsfr26                              sfr26        00000
__Hsfr27                              sfr27        00000
__Hsfr28                              sfr28        00000
__Hsfr29                              sfr29        00000
__Hsfr3                               sfr3         00000
__Hsfr30                              sfr30        00000
__Hsfr31                              sfr31        00000
__Hsfr4                               sfr4         00000
__Hsfr5                               sfr5         00000
__Hsfr6                               sfr6         00000
__Hsfr7                               sfr7         00000
__Hsfr8                               sfr8         00000
__Hsfr9                               sfr9         00000
__Hspace_0                            (abs)        08009
__Hspace_1                            (abs)        000A6
__Hspace_2                            (abs)        00000
__Hspace_3                            (abs)        00000
__Hstack                              stack        00000
__Hstrings                            strings      00000
__Htext                               text         00000
__Labs1                               abs1         00000
__Lbank0                              bank0        00000
__Lbank1                              bank1        00000
__Lbank10                             bank10       00000
__Lbank11                             bank11       00000
__Lbank12                             bank12       00000
__Lbank13                             bank13       00000
__Lbank14                             bank14       00000
__Lbank15                             bank15       00000
__Lbank16                             bank16       00000
__Lbank17                             bank17       00000
__Lbank18                             bank18       00000
__Lbank19                             bank19       00000
__Lbank2                              bank2        00000
__Lbank20                             bank20       00000
__Lbank21                             bank21       00000
__Lbank22                             bank22       00000
__Lbank23                             bank23       00000
__Lbank24                             bank24       00000
__Lbank25                             bank25       00000
__Lbank26                             bank26       00000
__Lbank27                             bank27       00000
__Lbank28                             bank28       00000
__Lbank29                             bank29       00000
__Lbank3                              bank3        00000
__Lbank30                             bank30       00000
__Lbank31                             bank31       00000
__Lbank4                              bank4        00000
__Lbank5                              bank5        00000
__Lbank6                              bank6        00000
__Lbank7                              bank7        00000
__Lbank8                              bank8        00000
__Lbank9                              bank9        00000
__Lbigram                             bigram       00000
__LbssBANK0                           bssBANK0     00000
__LbssBANK1                           bssBANK1     00000
__LbssCOMMON                          bssCOMMON    00000
__Lcinit                              cinit        00052
__Lclrtext                            clrtext      00000
__Lcode                               code         00000
__Lcommon                             common       00000
__Lconfig                             config       08007
__LcstackBANK0                        cstackBANK0  00000
__LcstackCOMMON                       cstackCOMMON 00000
__LdataBANK0                          dataBANK0    00000
__Leeprom_data                        eeprom_data  00000
__Lend_init                           end_init     00051
__Lfunctab                            functab      00000
__LidataBANK0                         idataBANK0   00000
__Lidloc                              idloc        00000
__Linit                               init         00051
__Lintentry                           intentry     00004
__Lmaintext                           maintext     00000
__Lpowerup                            powerup      00000
__Lram                                ram          00000
__Lreset_vec                          reset_vec    00000
__Lsfr0                               sfr0         00000
__Lsfr1                               sfr1         00000
__Lsfr10                              sfr10        00000
__Lsfr11                              sfr11        00000
__Lsfr12                              sfr12        00000
__Lsfr13                              sfr13        00000
__Lsfr14                              sfr14        00000
__Lsfr15                              sfr15        00000
__Lsfr16                              sfr16        00000
__Lsfr17                              sfr17        00000
__Lsfr18                              sfr18        00000
__Lsfr19                              sfr19        00000
__Lsfr2                               sfr2         00000
__Lsfr20                              sfr20        00000
__Lsfr21                              sfr21        00000
__Lsfr22                              sfr22        00000
__Lsfr23                              sfr23        00000
__Lsfr24                              sfr24        00000
__Lsfr25                              sfr25        00000
__Lsfr26                              sfr26        00000
__Lsfr27                              sfr27        00000
__Lsfr28                              sfr28        00000
__Lsfr29                              sfr29        00000
__Lsfr3                               sfr3         00000
__Lsfr30                              sfr30        00000
__Lsfr31                              sfr31        00000
__Lsfr4                               sfr4         00000
__Lsfr5                               sfr5         00000
__Lsfr6                               sfr6         00000
__Lsfr7                               sfr7         00000
__Lsfr8                               sfr8         00000
__Lsfr9                               sfr9         00000
__Lspace_0                            (abs)        00000
__Lspace_1                            (abs)        00000
__Lspace_2                            (abs)        00000
__Lspace_3                            (abs)        00000
__Lstack                              stack        00000
__Lstrings                            strings      00000
__Ltext                               text         00000
__S0                                  (abs)        08009
__S1                                  (abs)        000A6
__S2                                  (abs)        00000
___ftdiv                              text6        00238
___ftdiv@cntr                         cstackBANK0  0002F
___ftdiv@exp                          cstackBANK0  00033
___ftdiv@f1                           cstackBANK0  00028
___ftdiv@f2                           cstackBANK0  00025
___ftdiv@f3                           cstackBANK0  00030
___ftdiv@sign                         cstackBANK0  00034
___ftge                               text5        003DC
___ftge@ff1                           cstackBANK0  0002C
___ftge@ff2                           cstackBANK0  0002F
___ftmul                              text4        00185
___ftmul@cntr                         cstackBANK0  00043
___ftmul@exp                          cstackBANK0  0003F
___ftmul@f1                           cstackBANK0  00035
___ftmul@f2                           cstackBANK0  00038
___ftmul@f3_as_product                cstackBANK0  00040
___ftmul@sign                         cstackBANK0  00044
___ftpack                             text7        00377
___ftpack@arg                         cstackBANK0  00020
___ftpack@exp                         cstackBANK0  00023
___ftpack@sign                        cstackBANK0  00024
___int_sp                             stack        00000
___latbits                            (abs)        00000
___lbtoft                             text3        00418
___lbtoft@c                           cstackCOMMON 00077
___sp                                 stack        00000
__end_of_EUSARTInit                   text9        00448
__end_of_Example_System_Init          text8        00460
__end_of_InterruptHandlerLow          intentry     00051
__end_of___ftdiv                      text6        002E0
__end_of___ftge                       text5        00418
__end_of___ftmul                      text4        00238
__end_of___ftpack                     text7        003DC
__end_of___lbtoft                     text3        00432
__end_of__initialization              cinit        0007D
__end_of_checkFrequencyRange          text1        00185
__end_of_main                         maintext     00377
__end_of_putch                        text2        0046B
__initialization                      cinit        00052
__pbssBANK0                           bssBANK0     0005C
__pbssBANK1                           bssBANK1     000A0
__pbssBIGRAM                          (abs)        0208C
__pbssCOMMON                          bssCOMMON    00078
__pcstackBANK0                        cstackBANK0  00020
__pcstackCOMMON                       cstackCOMMON 00070
__pdataBANK0                          dataBANK0    00068
__pidataBANK0                         idataBANK0   0046B
__pintentry                           intentry     00004
__pmaintext                           maintext     002E0
__ptext1                              text1        00080
__ptext2                              text2        00460
__ptext3                              text3        00418
__ptext4                              text4        00185
__ptext5                              text5        003DC
__ptext6                              text6        00238
__ptext7                              text7        00377
__ptext8                              text8        00454
__ptext9                              text9        00432
__size_of_EUSARTInit                  (abs)        00000
__size_of_Example_System_Init         (abs)        00000
__size_of_InterruptHandlerLow         (abs)        00000
__size_of___ftdiv                     (abs)        00000
__size_of___ftge                      (abs)        00000
__size_of___ftmul                     (abs)        00000
__size_of___ftpack                    (abs)        00000
__size_of___lbtoft                    (abs)        00000
__size_of_checkFrequencyRange         (abs)        00000
__size_of_main                        (abs)        00000
__size_of_putch                       (abs)        00000
_checkFrequencyRange                  text1        00080
_checkFrequencyRange$662              cstackBANK0  00051
_counter                              bssBANK0     00067
_highValueOfFrequency                 dataBANK0    00068
_lowValueOfFrequency                  dataBANK0    0006B
_main                                 maintext     002E0
_putch                                text2        00460
_sensorVal_1                          bssBANK0     00063
_test                                 bssCOMMON    00079
btemp                                 (abs)        0007E
checkFrequencyRange@countForHighValue cstackBANK0  0004E
checkFrequencyRange@countForLowValue  cstackBANK0  00054
checkFrequencyRange@highValue         cstackBANK0  00048
checkFrequencyRange@lowValue          cstackBANK0  00045
checkFrequencyRange@sensorVal         cstackBANK0  0004B
clear_ram0                            clrtext      00448
end_of_initialization                 cinit        0007D
int$flags                             (abs)        0007E
intlevel0                             functab      00000
intlevel1                             functab      00000
intlevel2                             functab      00000
intlevel3                             functab      00000
intlevel4                             functab      00000
intlevel5                             functab      00000
ltemp                                 (abs)        0007E
ltemp0                                (abs)        0007E
ltemp1                                (abs)        00082
ltemp2                                (abs)        00086
ltemp3                                (abs)        00080
main@i                                cstackBANK0  0005B
putch@data                            cstackCOMMON 00074
reset_vec                             reset_vec    00000
stackhi                               (abs)        0208B
stacklo                               (abs)        02056
start                                 init         00051
start_initialization                  cinit        00052
ttemp                                 (abs)        0007E
ttemp0                                (abs)        0007E
ttemp1                                (abs)        00081
ttemp2                                (abs)        00084
ttemp3                                (abs)        00087
ttemp4                                (abs)        0007F
wtemp                                 (abs)        0007E
wtemp0                                (abs)        0007E
wtemp1                                (abs)        00080
wtemp2                                (abs)        00082
wtemp3                                (abs)        00084
wtemp4                                (abs)        00086
wtemp5                                (abs)        00088
wtemp6                                (abs)        0007F


FUNCTION INFORMATION:

 *************** function _main *****************
 Defined at:
		line 85 in file "main.c"
 Parameters:    Size  Location     Type
		None
 Auto vars:     Size  Location     Type
  i               1   59[BANK0 ] unsigned char 
 Return value:  Size  Location     Type
                  1    wreg      void 
 Registers used:
		wreg, fsr1l, fsr1h, status,2, status,0, pclath, cstack
 Tracked objects:
		On entry : 
		On exit  : 
		Unchanged: 
 Data sizes:     COMMON   BANK0   BANK1   BANK2
      Params:         0       0       0       0
      Locals:         0       1       0       0
      Temps:          0       4       0       0
      Totals:         0       5       0       0
Total ram usage:        5 bytes
 Hardware stack levels required when called:    4
 This function calls:
		_EUSARTInit
		_Example_System_Init
		_checkFrequencyRange
		_putch
 This function is called by:
		Startup code after reset
 This function uses a non-reentrant model


 *************** function _checkFrequencyRange *****************
 Defined at:
		line 218 in file "main.c"
 Parameters:    Size  Location     Type
  lowValue        3   37[BANK0 ] float 
  highValue       3   40[BANK0 ] float 
  sensorVal       2   43[BANK0 ] int 
 Auto vars:     Size  Location     Type
  countForLowV    3   52[BANK0 ] float 
  countForHigh    3   46[BANK0 ] float 
 Return value:  Size  Location     Type
                  1    wreg      void 
 Registers used:
		wreg, status,2, status,0, pclath, cstack
 Tracked objects:
		On entry : 
		On exit  : 
		Unchanged: 
 Data sizes:     COMMON   BANK0   BANK1   BANK2
      Params:         0       8       0       0
      Locals:         0       9       0       0
      Temps:          0       1       0       0
      Totals:         0      18       0       0
Total ram usage:       18 bytes
 Hardware stack levels used:    1
 Hardware stack levels required when called:    3
 This function calls:
		___ftdiv
		___ftge
		___ftmul
		___lbtoft
		_putch
 This function is called by:
		_main
 This function uses a non-reentrant model


 *************** function _putch *****************
 Defined at:
		line 267 in file "RGBChroma.c"
 Parameters:    Size  Location     Type
  data            1    wreg     unsigned char 
 Auto vars:     Size  Location     Type
  data            1    4[COMMON] unsigned char 
 Return value:  Size  Location     Type
                  1    wreg      void 
 Registers used:
		wreg
 Tracked objects:
		On entry : 
		On exit  : 
		Unchanged: 
 Data sizes:     COMMON   BANK0   BANK1   BANK2
      Params:         0       0       0       0
      Locals:         1       0       0       0
      Temps:          0       0       0       0
      Totals:         1       0       0       0
Total ram usage:        1 bytes
 Hardware stack levels used:    1
 Hardware stack levels required when called:    1
 This function calls:
		Nothing
 This function is called by:
		_main
		_checkFrequencyRange
 This function uses a non-reentrant model


 *************** function ___lbtoft *****************
 Defined at:
		line 27 in file "C:\Program Files (x86)\Microchip\xc8\v1.38\sources\common\lbtoft.c"
 Parameters:    Size  Location     Type
  c               1    wreg     unsigned char 
 Auto vars:     Size  Location     Type
  c               1    7[COMMON] unsigned char 
 Return value:  Size  Location     Type
                  3    5[BANK0 ] float 
 Registers used:
		wreg, status,2, status,0, pclath, cstack
 Tracked objects:
		On entry : 
		On exit  : 
		Unchanged: 
 Data sizes:     COMMON   BANK0   BANK1   BANK2
      Params:         0       3       0       0
      Locals:         1       0       0       0
      Temps:          0       4       0       0
      Totals:         1       7       0       0
Total ram usage:        8 bytes
 Hardware stack levels used:    1
 Hardware stack levels required when called:    2
 This function calls:
		___ftpack
 This function is called by:
		_checkFrequencyRange
 This function uses a non-reentrant model


 *************** function ___ftmul *****************
 Defined at:
		line 62 in file "C:\Program Files (x86)\Microchip\xc8\v1.38\sources\common\ftmul.c"
 Parameters:    Size  Location     Type
  f1              3   21[BANK0 ] float 
  f2              3   24[BANK0 ] float 
 Auto vars:     Size  Location     Type
  f3_as_produc    3   32[BANK0 ] unsigned um
  sign            1   36[BANK0 ] unsigned char 
  cntr            1   35[BANK0 ] unsigned char 
  exp             1   31[BANK0 ] unsigned char 
 Return value:  Size  Location     Type
                  3   21[BANK0 ] float 
 Registers used:
		wreg, status,2, status,0, pclath, cstack
 Tracked objects:
		On entry : 
		On exit  : 
		Unchanged: 
 Data sizes:     COMMON   BANK0   BANK1   BANK2
      Params:         0       6       0       0
      Locals:         0       6       0       0
      Temps:          0       4       0       0
      Totals:         0      16       0       0
Total ram usage:       16 bytes
 Hardware stack levels used:    1
 Hardware stack levels required when called:    2
 This function calls:
		___ftpack
 This function is called by:
		_checkFrequencyRange
 This function uses a non-reentrant model


 *************** function ___ftge *****************
 Defined at:
		line 4 in file "C:\Program Files (x86)\Microchip\xc8\v1.38\sources\common\ftge.c"
 Parameters:    Size  Location     Type
  ff1             3   12[BANK0 ] float 
  ff2             3   15[BANK0 ] float 
 Auto vars:     Size  Location     Type
		None
 Return value:  Size  Location     Type
		None               void
 Registers used:
		wreg, status,2, status,0
 Tracked objects:
		On entry : 
		On exit  : 
		Unchanged: 
 Data sizes:     COMMON   BANK0   BANK1   BANK2
      Params:         0       6       0       0
      Locals:         0       0       0       0
      Temps:          0       3       0       0
      Totals:         0       9       0       0
Total ram usage:        9 bytes
 Hardware stack levels used:    1
 Hardware stack levels required when called:    1
 This function calls:
		Nothing
 This function is called by:
		_checkFrequencyRange
 This function uses a non-reentrant model


 *************** function ___ftdiv *****************
 Defined at:
		line 56 in file "C:\Program Files (x86)\Microchip\xc8\v1.38\sources\common\ftdiv.c"
 Parameters:    Size  Location     Type
  f2              3    5[BANK0 ] float 
  f1              3    8[BANK0 ] float 
 Auto vars:     Size  Location     Type
  f3              3   16[BANK0 ] float 
  sign            1   20[BANK0 ] unsigned char 
  exp             1   19[BANK0 ] unsigned char 
  cntr            1   15[BANK0 ] unsigned char 
 Return value:  Size  Location     Type
                  3    5[BANK0 ] float 
 Registers used:
		wreg, status,2, status,0, pclath, cstack
 Tracked objects:
		On entry : 
		On exit  : 
		Unchanged: 
 Data sizes:     COMMON   BANK0   BANK1   BANK2
      Params:         0       6       0       0
      Locals:         0       6       0       0
      Temps:          0       4       0       0
      Totals:         0      16       0       0
Total ram usage:       16 bytes
 Hardware stack levels used:    1
 Hardware stack levels required when called:    2
 This function calls:
		___ftpack
 This function is called by:
		_checkFrequencyRange
 This function uses a non-reentrant model


 *************** function ___ftpack *****************
 Defined at:
		line 62 in file "C:\Program Files (x86)\Microchip\xc8\v1.38\sources\common\float.c"
 Parameters:    Size  Location     Type
  arg             3    0[BANK0 ] unsigned um
  exp             1    3[BANK0 ] unsigned char 
  sign            1    4[BANK0 ] unsigned char 
 Auto vars:     Size  Location     Type
		None
 Return value:  Size  Location     Type
                  3    0[BANK0 ] float 
 Registers used:
		wreg, status,2, status,0
 Tracked objects:
		On entry : 
		On exit  : 
		Unchanged: 
 Data sizes:     COMMON   BANK0   BANK1   BANK2
      Params:         0       5       0       0
      Locals:         0       0       0       0
      Temps:          3       0       0       0
      Totals:         3       5       0       0
Total ram usage:        8 bytes
 Hardware stack levels used:    1
 Hardware stack levels required when called:    1
 This function calls:
		Nothing
 This function is called by:
		___ftdiv
		___ftmul
		___lbtoft
 This function uses a non-reentrant model


 *************** function _Example_System_Init *****************
 Defined at:
		line 146 in file "main.c"
 Parameters:    Size  Location     Type
		None
 Auto vars:     Size  Location     Type
		None
 Return value:  Size  Location     Type
                  1    wreg      void 
 Registers used:
		wreg, status,2
 Tracked objects:
		On entry : 
		On exit  : 
		Unchanged: 
 Data sizes:     COMMON   BANK0   BANK1   BANK2
      Params:         0       0       0       0
      Locals:         0       0       0       0
      Temps:          0       0       0       0
      Totals:         0       0       0       0
Total ram usage:        0 bytes
 Hardware stack levels used:    1
 Hardware stack levels required when called:    1
 This function calls:
		Nothing
 This function is called by:
		_main
 This function uses a non-reentrant model


 *************** function _EUSARTInit *****************
 Defined at:
		line 84 in file "RGBChroma.c"
 Parameters:    Size  Location     Type
		None
 Auto vars:     Size  Location     Type
		None
 Return value:  Size  Location     Type
                  1    wreg      void 
 Registers used:
		None
 Tracked objects:
		On entry : 
		On exit  : 
		Unchanged: 
 Data sizes:     COMMON   BANK0   BANK1   BANK2
      Params:         0       0       0       0
      Locals:         0       0       0       0
      Temps:          0       0       0       0
      Totals:         0       0       0       0
Total ram usage:        0 bytes
 Hardware stack levels used:    1
 Hardware stack levels required when called:    1
 This function calls:
		Nothing
 This function is called by:
		_main
 This function uses a non-reentrant model


 *************** function _InterruptHandlerLow *****************
 Defined at:
		line 45 in file "main.c"
 Parameters:    Size  Location     Type
		None
 Auto vars:     Size  Location     Type
  cUART_char      1    3[COMMON] unsigned char 
 Return value:  Size  Location     Type
                  1    wreg      void 
 Registers used:
		wreg, fsr1l, fsr1h, status,2, status,0
 Tracked objects:
		On entry : 
		On exit  : 
		Unchanged: 
 Data sizes:     COMMON   BANK0   BANK1   BANK2
      Params:         0       0       0       0
      Locals:         1       0       0       0
      Temps:          3       0       0       0
      Totals:         4       0       0       0
Total ram usage:        4 bytes
 Hardware stack levels used:    1
 This function calls:
		Nothing
 This function is called by:
		Interrupt level 1
 This function uses a non-reentrant model



MODULE INFORMATION

Module		Function		Class		Link	Load	Size
C:\Program Files (x86)\Microchip\xc8\v1.38\sources\common\float.c
		___ftpack      		CODE           	0377	0000	102

C:\Program Files (x86)\Microchip\xc8\v1.38\sources\common\float.c estimated size: 102

C:\Program Files (x86)\Microchip\xc8\v1.38\sources\common\ftmul.c
		___ftmul       		CODE           	0185	0000	180

C:\Program Files (x86)\Microchip\xc8\v1.38\sources\common\ftmul.c estimated size: 180

C:\Program Files (x86)\Microchip\xc8\v1.38\sources\common\ftdiv.c
		___ftdiv       		CODE           	0238	0000	169

C:\Program Files (x86)\Microchip\xc8\v1.38\sources\common\ftdiv.c estimated size: 169

shared
		__initialization		CODE           	0052	0000	44

shared estimated size: 44

C:\Program Files (x86)\Microchip\xc8\v1.38\sources\common\lbtoft.c
		___lbtoft      		CODE           	0418	0000	27

C:\Program Files (x86)\Microchip\xc8\v1.38\sources\common\lbtoft.c estimated size: 27

RGBChroma.c
		_EUSARTInit    		CODE           	0432	0000	23
		_putch         		CODE           	0460	0000	12

RGBChroma.c estimated size: 35

main.c
		_Example_System_Init		CODE           	0454	0000	13
		_main          		CODE           	02E0	0000	152
		_InterruptHandlerLow		CODE           	0004	0000	78
		_checkFrequencyRange		CODE           	0080	0000	262

main.c estimated size: 505

C:\Program Files (x86)\Microchip\xc8\v1.38\sources\common\ftge.c
		___ftge        		CODE           	03DC	0000	61

C:\Program Files (x86)\Microchip\xc8\v1.38\sources\common\ftge.c estimated size: 61

